[   26718ms] [WARNING] [Vue warn]: Unhandled error during execution of render function 
  at <ProseBeat key=1 text="Desmond drops a file called site.bicep into the review and waits.\n\nparam location string = resourceGroup().location\nparam siteCode string\nparam vmSize string = 'Standard_D4s_v5'\nparam addressOctet int\n\nvar vnetName = 'vnet-${siteCode}-sea'\n\nresource vnet 'Microsoft.Network/virtualNetworks@2023-09-01' = {\n  name: vnetName\n  location: location\n  properties: {\n    addressSpace: { addressPrefixes: ['10.${addressOctet}.0.0/16'] }\n    subnets: [\n      {\n        name: 'snet-app'\n        properties: { addressPrefix: '10.${addressOctet}.1.0/24' }\n      }\n    ]\n  }\n}\n\noutput appSubnetId string = vnet.properties.subnets[0].id\n\n\"Priya wants to know what happens if we run this at the Johor resource\ngroup. Tell her, in a sentence she can repeat in a meeting.\"" > 
  at <EncounterPanel key=2 class="mt-2" > 
  at <PlayView onVnodeUnmounted=fn<onVnodeUnmounted> ref=Ref< Proxy(Object) > > 
  at <RouterView> 
  at <App> @ http://localhost:5173/node_modules/.vite/deps/chunk-47A5N3YI.js?v=65d01e14:2229
[   26719ms] [WARNING] [Vue warn]: Unhandled error during execution of scheduler flush 
  at <ProseBeat key=1 text="Desmond drops a file called site.bicep into the review and waits.\n\nparam location string = resourceGroup().location\nparam siteCode string\nparam vmSize string = 'Standard_D4s_v5'\nparam addressOctet int\n\nvar vnetName = 'vnet-${siteCode}-sea'\n\nresource vnet 'Microsoft.Network/virtualNetworks@2023-09-01' = {\n  name: vnetName\n  location: location\n  properties: {\n    addressSpace: { addressPrefixes: ['10.${addressOctet}.0.0/16'] }\n    subnets: [\n      {\n        name: 'snet-app'\n        properties: { addressPrefix: '10.${addressOctet}.1.0/24' }\n      }\n    ]\n  }\n}\n\noutput appSubnetId string = vnet.properties.subnets[0].id\n\n\"Priya wants to know what happens if we run this at the Johor resource\ngroup. Tell her, in a sentence she can repeat in a meeting.\"" > 
  at <EncounterPanel key=2 class="mt-2" > 
  at <PlayView onVnodeUnmounted=fn<onVnodeUnmounted> ref=Ref< Proxy(Object) > > 
  at <RouterView> 
  at <App> @ http://localhost:5173/node_modules/.vite/deps/chunk-47A5N3YI.js?v=65d01e14:2229
[   26770ms] ReferenceError: DECLARATION is not defined
    at http://localhost:5173/src/components/feed/prose.ts?t=1786949303956:11:44
    at Array.every (<anonymous>)
    at classify (http://localhost:5173/src/components/feed/prose.ts?t=1786949303956:11:16)
    at parseProse (http://localhost:5173/src/components/feed/prose.ts?t=1786949303956:39:13)
    at ComputedRefImpl.fn (http://localhost:5173/src/components/feed/ProseBeat.vue?t=1786949303956:12:35)
    at refreshComputed (http://localhost:5173/node_modules/.vite/deps/chunk-47A5N3YI.js?v=65d01e14:686:29)
    at get value (http://localhost:5173/node_modules/.vite/deps/chunk-47A5N3YI.js?v=65d01e14:1941:5)
    at unref (http://localhost:5173/node_modules/.vite/deps/chunk-47A5N3YI.js?v=65d01e14:1796:30)
    at Object.get (http://localhost:5173/node_modules/.vite/deps/chunk-47A5N3YI.js?v=65d01e14:1802:64)
    at Proxy._sfc_render (http://localhost:5173/src/components/feed/ProseBeat.vue?t=1786949303956:29:26)
[   29982ms] [WARNING] [Vue warn]: Unhandled error during execution of scheduler flush 
  at <EncounterPanel key=2 class="mt-2" > 
  at <PlayView onVnodeUnmounted=fn<onVnodeUnmounted> ref=Ref< Proxy(Object) > > 
  at <RouterView> 
  at <App> @ http://localhost:5173/node_modules/.vite/deps/chunk-47A5N3YI.js?v=65d01e14:2229
[   30022ms] TypeError: Cannot read properties of null (reading 'shapeFlag')
    at getNextHostNode (http://localhost:5173/node_modules/.vite/deps/chunk-47A5N3YI.js?v=65d01e14:9093:15)
    at getNextHostNode (http://localhost:5173/node_modules/.vite/deps/chunk-47A5N3YI.js?v=65d01e14:9094:14)
    at patch (http://localhost:5173/node_modules/.vite/deps/chunk-47A5N3YI.js?v=65d01e14:7725:16)
    at patchKeyedChildren (http://localhost:5173/node_modules/.vite/deps/chunk-47A5N3YI.js?v=65d01e14:8813:11)
    at patchChildren (http://localhost:5173/node_modules/.vite/deps/chunk-47A5N3YI.js?v=65d01e14:8616:11)
    at processFragment (http://localhost:5173/node_modules/.vite/deps/chunk-47A5N3YI.js?v=65d01e14:8257:9)
    at patch (http://localhost:5173/node_modules/.vite/deps/chunk-47A5N3YI.js?v=65d01e14:7749:9)
    at patchKeyedChildren (http://localhost:5173/node_modules/.vite/deps/chunk-47A5N3YI.js?v=65d01e14:8702:9)
    at patchChildren (http://localhost:5173/node_modules/.vite/deps/chunk-47A5N3YI.js?v=65d01e14:8616:11)
    at patchElement (http://localhost:5173/node_modules/.vite/deps/chunk-47A5N3YI.js?v=65d01e14:8084:7)
[   38739ms] [WARNING] [Vue warn]: Unhandled error during execution of scheduler flush 
  at <EncounterPanel key=2 class="mt-2" > 
  at <PlayView onVnodeUnmounted=fn<onVnodeUnmounted> ref=Ref< Proxy(Object) > > 
  at <RouterView> 
  at <App> @ http://localhost:5173/node_modules/.vite/deps/chunk-47A5N3YI.js?v=65d01e14:2229
[   38798ms] TypeError: Cannot read properties of null (reading 'emitsOptions')
    at shouldUpdateComponent (http://localhost:5173/node_modules/.vite/deps/chunk-47A5N3YI.js?v=65d01e14:7022:27)
    at updateComponent (http://localhost:5173/node_modules/.vite/deps/chunk-47A5N3YI.js?v=65d01e14:8348:9)
    at processComponent (http://localhost:5173/node_modules/.vite/deps/chunk-47A5N3YI.js?v=65d01e14:8294:7)
    at patch (http://localhost:5173/node_modules/.vite/deps/chunk-47A5N3YI.js?v=65d01e14:7775:11)
    at patchKeyedChildren (http://localhost:5173/node_modules/.vite/deps/chunk-47A5N3YI.js?v=65d01e14:8702:9)
    at patchChildren (http://localhost:5173/node_modules/.vite/deps/chunk-47A5N3YI.js?v=65d01e14:8616:11)
    at processFragment (http://localhost:5173/node_modules/.vite/deps/chunk-47A5N3YI.js?v=65d01e14:8257:9)
    at patch (http://localhost:5173/node_modules/.vite/deps/chunk-47A5N3YI.js?v=65d01e14:7749:9)
    at patchKeyedChildren (http://localhost:5173/node_modules/.vite/deps/chunk-47A5N3YI.js?v=65d01e14:8702:9)
    at patchChildren (http://localhost:5173/node_modules/.vite/deps/chunk-47A5N3YI.js?v=65d01e14:8616:11)
